C: 52 miles @ 20 mph
B: 48 miles @ 34 mph
A: 24 miles @ 85 mph
